// Jest Snapshot v1, https://goo.gl/fbAQLP

exports[`Creates Twitch embed element 1`] = `
<iframe
  allowfullscreen=""
  scrolling="no"
  src="https://player.twitch.tv/?autoplay=false&video=v355193670&t=2h16m51s"
/>
`;
